// Jest Snapshot v1, https://goo.gl/fbAQLP

exports[`AllBreeds should render breeds 1`] = `
Array [
  <h2
    className="main__title"
  >
    All breeds
  </h2>,
  <ul>
    <li>
      <a
        href="/breeds/1"
        onClick={[Function]}
      >
        African Hunting Do
      </a>
    </li>
    <li>
      <a
        href="/breeds/2"
        onClick={[Function]}
      >
        Airedale Terrier
      </a>
    </li>
  </ul>,
]
`;
